Script started on 2022-01-31 07:57:06-05:00 [TERM="xterm-256color" TTY="/dev/pts/1" COLUMNS="80" LINES="24"]
]0;kuuku@kuuku-900X3C-900X3D-900X4C-900X4D: ~/Documents/Projects/AddyOnMap[01;32mkuuku@kuuku-900X3C-900X3D-900X4C-900X4D[00m:[01;34m~/Documents/Projects/AddyOnMap[00m$ [K]0;kuuku@kuuku-900X3C-900X3D-900X4C-900X4D: ~/Documents/Projects/AddyOnMap[01;32mkuuku@kuuku-900X3C-900X3D-900X4C-900X4D[00m:[01;34m~/Documents/Projects/AddyOnMap[00m$ [K]0;kuuku@kuuku-900X3C-900X3D-900X4C-900X4D: ~/Documents/Projects/AddyOnMap[01;32mkuuku@kuuku-900X3C-900X3D-900X4C-900X4D[00m:[01;34m~/Documents/Projects/AddyOnMap[00m$ [K]0;kuuku@kuuku-900X3C-900X3D-900X4C-900X4D: ~/Documents/Projects/AddyOnMap[01;32mkuuku@kuuku-900X3C-900X3D-900X4C-900X4D[00m:[01;34m~/Documents/Projects/AddyOnMap[00m$ [K]0;kuuku@kuuku-900X3C-900X3D-900X4C-900X4D: ~/Documents/Projects/AddyOnMap[01;32mkuuku@kuuku-900X3C-900X3D-900X4C-900X4D[00m:[01;34m~/Documents/Projects/AddyOnMap[00m$ [K]0;kuuku@kuuku-900X3C-900X3D-900X4C-900X4D: ~/Documents/Projects/AddyOnMap[01;32mkuuku@kuuku-900X3C-900X3D-900X4C-900X4D[00m:[01;34m~/Documents/Projects/AddyOnMap[00m$ [K]0;kuuku@kuuku-900X3C-900X3D-900X4C-900X4D: ~/Documents/Projects/AddyOnMap[01;32mkuuku@kuuku-900X3C-900X3D-900X4C-900X4D[00m:[01;34m~/Documents/Projects/AddyOnMap[00m$ [K]0;kuuku@kuuku-900X3C-900X3D-900X4C-900X4D: ~/Documents/Projects/AddyOnMap[01;32mkuuku@kuuku-900X3C-900X3D-900X4C-900X4D[00m:[01;34m~/Documents/Projects/AddyOnMap[00m$ [K]0;kuuku@kuuku-900X3C-900X3D-900X4C-900X4D: ~/Documents/Projects/AddyOnMap[01;32mkuuku@kuuku-900X3C-900X3D-900X4C-900X4D[00m:[01;34m~/Documents/Projects/AddyOnMap[00m$ [K]0;kuuku@kuuku-900X3C-900X3D-900X4C-900X4D: ~/Documents/Projects/AddyOnMap[01;32mkuuku@kuuku-900X3C-900X3D-900X4C-900X4D[00m:[01;34m~/Documents/Projects/AddyOnMap[00m$ [K]0;kuuku@kuuku-900X3C-900X3D-900X4C-900X4D: ~/Documents/Projects/AddyOnMap[01;32mkuuku@kuuku-900X3C-900X3D-900X4C-900X4D[00m:[01;34m~/Documents/Projects/AddyOnMap[00m$ [K]0;kuuku@kuuku-900X3C-900X3D-900X4C-900X4D: ~/Documents/Projects/AddyOnMap[01;32mkuuku@kuuku-900X3C-900X3D-900X4C-900X4D[00m:[01;34m~/Documents/Projects/AddyOnMap[00m$ [K]0;kuuku@kuuku-900X3C-900X3D-900X4C-900X4D: ~/Documents/Projects/AddyOnMap[01;32mkuuku@kuuku-900X3C-900X3D-900X4C-900X4D[00m:[01;34m~/Documents/Projects/AddyOnMap[00m$ [K]0;kuuku@kuuku-900X3C-900X3D-900X4C-900X4D: ~/Documents/Projects/AddyOnMap[01;32mkuuku@kuuku-900X3C-900X3D-900X4C-900X4D[00m:[01;34m~/Documents/Projects/AddyOnMap[00m$ [K]0;kuuku@kuuku-900X3C-900X3D-900X4C-900X4D: ~/Documents/Projects/AddyOnMap[01;32mkuuku@kuuku-900X3C-900X3D-900X4C-900X4D[00m:[01;34m~/Documents/Projects/AddyOnMap[00m$ [K]0;kuuku@kuuku-900X3C-900X3D-900X4C-900X4D: ~/Documents/Projects/AddyOnMap[01;32mkuuku@kuuku-900X3C-900X3D-900X4C-900X4D[00m:[01;34m~/Documents/Projects/AddyOnMap[00m$ [K]0;kuuku@kuuku-900X3C-900X3D-900X4C-900X4D: ~/Documents/Projects/AddyOnMap[01;32mkuuku@kuuku-900X3C-900X3D-900X4C-900X4D[00m:[01;34m~/Documents/Projects/AddyOnMap[00m$ [K]0;kuuku@kuuku-900X3C-900X3D-900X4C-900X4D: ~/Documents/Projects/AddyOnMap[01;32mkuuku@kuuku-900X3C-900X3D-900X4C-900X4D[00m:[01;34m~/Documents/Projects/AddyOnMap[00m$ [K]0;kuuku@kuuku-900X3C-900X3D-900X4C-900X4D: ~/Documents/Projects/AddyOnMap[01;32mkuuku@kuuku-900X3C-900X3D-900X4C-900X4D[00m:[01;34m~/Documents/Projects/AddyOnMap[00m$ [K]0;kuuku@kuuku-900X3C-900X3D-900X4C-900X4D: ~/Documents/Projects/AddyOnMap[01;32mkuuku@kuuku-900X3C-900X3D-900X4C-900X4D[00m:[01;34m~/Documents/Projects/AddyOnMap[00m$ [K]0;kuuku@kuuku-900X3C-900X3D-900X4C-900X4D: ~/Documents/Projects/AddyOnMap[01;32mkuuku@kuuku-900X3C-900X3D-900X4C-900X4D[00m:[01;34m~/Documents/Projects/AddyOnMap[00m$ [K]0;kuuku@kuuku-900X3C-900X3D-900X4C-900X4D: ~/Documents/Projects/AddyOnMap[01;32mkuuku@kuuku-900X3C-900X3D-900X4C-900X4D[00m:[01;34m~/Documents/Projects/AddyOnMap[00m$ [K]0;kuuku@kuuku-900X3C-900X3D-900X4C-900X4D: ~/Documents/Projects/AddyOnMap[01;32mkuuku@kuuku-900X3C-900X3D-900X4C-900X4D[00m:[01;34m~/Documents/Projects/AddyOnMap[00m$ GIT CHEC[K[K[K[K[K[K[K[Kgit checkout -b feat[K]0;kuuku@kuuku-900X3C-900X3D-900X4C-900X4D: ~/Documents/Projects/AddyOnMap[01;32mkuuku@kuuku-900X3C-900X3D-900X4C-900X4D[00m:[01;34m~/Documents/Projects/AddyOnMap[00m$ git checkout -b feat[K]0;kuuku@kuuku-900X3C-900X3D-900X4C-900X4D: ~/Documents/Projects/AddyOnMap[01;32mkuuku@kuuku-900X3C-900X3D-900X4C-900X4D[00m:[01;34m~/Documents/Projects/AddyOnMap[00m$ git checkout -b feat[K]0;kuuku@kuuku-900X3C-900X3D-900X4C-900X4D: ~/Documents/Projects/AddyOnMap[01;32mkuuku@kuuku-900X3C-900X3D-900X4C-900X4D[00m:[01;34m~/Documents/Projects/AddyOnMap[00m$ git checkout -b feat[K]0;kuuku@kuuku-900X3C-900X3D-900X4C-900X4D: ~/Documents/Projects/AddyOnMap[01;32mkuuku@kuuku-900X3C-900X3D-900X4C-900X4D[00m:[01;34m~/Documents/Projects/AddyOnMap[00m$ git checkout -b feat/django-p roject
Switched to a new branch 'feat/django-project'
]0;kuuku@kuuku-900X3C-900X3D-900X4C-900X4D: ~/Documents/Projects/AddyOnMap[01;32mkuuku@kuuku-900X3C-900X3D-900X4C-900X4D[00m:[01;34m~/Documents/Projects/AddyOnMap[00m$  [Kg[Kgit be[Kranch main
fatal: A branch named 'main' already exists.
]0;kuuku@kuuku-900X3C-900X3D-900X4C-900X4D: ~/Documents/Projects/AddyOnMap[01;32mkuuku@kuuku-900X3C-900X3D-900X4C-900X4D[00m:[01;34m~/Documents/Projects/AddyOnMap[00m$ git checck[K[Kjo[K[Kkout main
Switched to branch 'main'
Your branch is up to date with 'origin/main'.
]0;kuuku@kuuku-900X3C-900X3D-900X4C-900X4D: ~/Documents/Projects/AddyOnMap[01;32mkuuku@kuuku-900X3C-900X3D-900X4C-900X4D[00m:[01;34m~/Documents/Projects/AddyOnMap[00m$ git log
[?1h=[33mcommit 2711ac84d83af4590c629fe3925654088deda004[m[33m ([m[1;36mHEAD -> [m[1;32mmain[m[33m, [m[1;31morigin/main[m[33m, [m[1;32mfeat/django-project[m[33m)[m[m
Author: kQuainoo <khuxstar@gmail.com>[m
Date:   Mon Jan 31 07:34:14 2022 -0500[m
[m
    first one[m
[K[?1l>]0;kuuku@kuuku-900X3C-900X3D-900X4C-900X4D: ~/Documents/Projects/AddyOnMap[01;32mkuuku@kuuku-900X3C-900X3D-900X4C-900X4D[00m:[01;34m~/Documents/Projects/AddyOnMap[00m$ git checkout feat/django-proj ect
Switched to branch 'feat/django-project'
]0;kuuku@kuuku-900X3C-900X3D-900X4C-900X4D: ~/Documents/Projects/AddyOnMap[01;32mkuuku@kuuku-900X3C-900X3D-900X4C-900X4D[00m:[01;34m~/Documents/Projects/AddyOnMap[00m$ git cherry-pick first one
fatal: bad revision 'first'
]0;kuuku@kuuku-900X3C-900X3D-900X4C-900X4D: ~/Documents/Projects/AddyOnMap[01;32mkuuku@kuuku-900X3C-900X3D-900X4C-900X4D[00m:[01;34m~/Documents/Projects/AddyOnMap[00m$ ch[Kit che[K[K[K[K[K[K[Kgit cherry [K-pick 2711ac84d83af 4590c629fe3925654088deda004
On branch feat/django-project
You are currently cherry-picking commit 2711ac8.
  (all conflicts fixed: run "git cherry-pick --continue")
  (use "git cherry-pick --skip" to skip this patch)
  (use "git cherry-pick --abort" to cancel the cherry-pick operation)

Untracked files:
  (use "git add <file>..." to include in what will be committed)
	[31msession1[m

nothing added to commit but untracked files present (use "git add" to track)
The previous cherry-pick is now empty, possibly due to conflict resolution.
If you wish to commit it anyway, use:

    git commit --allow-empty

Otherwise, please use 'git cherry-pick --skip'
]0;kuuku@kuuku-900X3C-900X3D-900X4C-900X4D: ~/Documents/Projects/AddyOnMap[01;32mkuuku@kuuku-900X3C-900X3D-900X4C-900X4D[00m:[01;34m~/Documents/Projects/AddyOnMap[00m$ git checj[Kkout main
Switched to branch 'main'
warning: cancelling a cherry picking in progress
Your branch is up to date with 'origin/main'.
]0;kuuku@kuuku-900X3C-900X3D-900X4C-900X4D: ~/Documents/Projects/AddyOnMap[01;32mkuuku@kuuku-900X3C-900X3D-900X4C-900X4D[00m:[01;34m~/Documents/Projects/AddyOnMap[00m$ git[K[K[Kgit checkout mainrry-pick 2711ac84d83af4590c629fe3925654088deda004[A]0;kuuku@kuuku-900X3C-900X3D-900X4C-900X4D: ~/Documents/Projects/AddyOnMap[01;32mkuuku@kuuku-900X3C-900X3D-900X4C-900X4D[00m:[01;34m~/Documents/Projects/AddyOnMap[00m$ [C[C[C[C[C[C[C[C[C[C[C[C[C[C[C[C[4Pfirst one
[K[A[C[C[C[C[C[C[C[C[C[C[C[C[C[C[C[C[C[C[C[C[C[C[C[C[C[C[C[C[C[C[C[C[C[C[C[C[C[C[C[C[C[C[C[C[C[C[C[C[C[C[C[C[C[C[C[C[C[C[C[C[C[C[C[C[C[C[C[C[C[C[C[C[C[C[C[C[C[C[C[C[C[C[C[C[C[C[C[C[C[C[C[C[C[C[C[C[Cckout feat/django-project
Switched to branch 'feat/django-project'
]0;kuuku@kuuku-900X3C-900X3D-900X4C-900X4D: ~/Documents/Projects/AddyOnMap[01;32mkuuku@kuuku-900X3C-900X3D-900X4C-900X4D[00m:[01;34m~/Documents/Projects/AddyOnMap[00m$ git checkout feat/django-project[A]0;kuuku@kuuku-900X3C-900X3D-900X4C-900X4D: ~/Documents/Projects/AddyOnMap[01;32mkuuku@kuuku-900X3C-900X3D-900X4C-900X4D[00m:[01;34m~/Documents/Projects/AddyOnMap[00m$ [C[C[C[C[C[C[C[C[C[C[C[C[Cmain[K
[K[A[C[C[C[C[C[C[C[C[C[C[C[C[C[C[C[C[C[C[C[C[C[C[C[C[C[C[C[C[C[C[C[C[C[C[C[C[C[C[C[C[C[C[C[C[C[C[C[C[C[C[C[C[C[C[C[C[C[C[C[C[C[C[C[C[C[C[C[C[C[C[C[C[C[C[C[C[C[C[C[C[C[C[C[C[C[C[C[C[Crry-pick 2711ac84d83af4590c629fe3925654088deda004
On branch feat/django-project
You are currently cherry-picking commit 2711ac8.
  (all conflicts fixed: run "git cherry-pick --continue")
  (use "git cherry-pick --skip" to skip this patch)
  (use "git cherry-pick --abort" to cancel the cherry-pick operation)

Untracked files:
  (use "git add <file>..." to include in what will be committed)
	[31msession1[m

nothing added to commit but untracked files present (use "git add" to track)
The previous cherry-pick is now empty, possibly due to conflict resolution.
If you wish to commit it anyway, use:

    git commit --allow-empty

Otherwise, please use 'git cherry-pick --skip'
]0;kuuku@kuuku-900X3C-900X3D-900X4C-900X4D: ~/Documents/Projects/AddyOnMap[01;32mkuuku@kuuku-900X3C-900X3D-900X4C-900X4D[00m:[01;34m~/Documents/Projects/AddyOnMap[00m$ git cherry-pick --skip
]0;kuuku@kuuku-900X3C-900X3D-900X4C-900X4D: ~/Documents/Projects/AddyOnMap[01;32mkuuku@kuuku-900X3C-900X3D-900X4C-900X4D[00m:[01;34m~/Documents/Projects/AddyOnMap[00m$ git cje[K[Khettu[K[K[Krry-pick --continue
error: no cherry-pick or revert in progress
fatal: cherry-pick failed
]0;kuuku@kuuku-900X3C-900X3D-900X4C-900X4D: ~/Documents/Projects/AddyOnMap[01;32mkuuku@kuuku-900X3C-900X3D-900X4C-900X4D[00m:[01;34m~/Documents/Projects/AddyOnMap[00m$ git cherry-pick --continue[4Pskip2711ac84d83af4590c629fe3925654088deda004[A]0;kuuku@kuuku-900X3C-900X3D-900X4C-900X4D: ~/Documents/Projects/AddyOnMap[01;32mkuuku@kuuku-900X3C-900X3D-900X4C-900X4D[00m:[01;34m~/Documents/Projects/AddyOnMap[00m$ [C[C[C[C[C[C[Cckout feat/django-project[K[A]0;kuuku@kuuku-900X3C-900X3D-900X4C-900X4D: ~/Documents/Projects/AddyOnMap[01;32mkuuku@kuuku-900X3C-900X3D-900X4C-900X4D[00m:[01;34m~/Documents/Projects/AddyOnMap[00m$ [C[C[C[C[C[C[C[C[C[C[C[C[Cmain[K
[K[A[C[C[C[C[C[C[C[C[C[C[C[C[C[C[C[C[C[C[C[C[C[C[C[C[C[C[C[C[C[C[C[C[C[C[C[C[C[C[C[C[C[C[C[C[C[C[C[C[C[C[C[C[C[C[C[C[C[C[C[C[C[C[C[C[C[C[C[C[C[C[C[C[C[C[C[C[C[C[C[C[C[C[C[C[C[C[C[C[C
Switched to branch 'main'
Your branch is up to date with 'origin/main'.
]0;kuuku@kuuku-900X3C-900X3D-900X4C-900X4D: ~/Documents/Projects/AddyOnMap[01;32mkuuku@kuuku-900X3C-900X3D-900X4C-900X4D[00m:[01;34m~/Documents/Projects/AddyOnMap[00m$ git reset HEAD-1
fatal: ambiguous argument 'HEAD-1': unknown revision or path not in the working tree.
Use '--' to separate paths from revisions, like this:
'git <command> [<revision>...] -- [<file>...]'
]0;kuuku@kuuku-900X3C-900X3D-900X4C-900X4D: ~/Documents/Projects/AddyOnMap[01;32mkuuku@kuuku-900X3C-900X3D-900X4C-900X4D[00m:[01;34m~/Documents/